// Jest Snapshot v1, https://goo.gl/fbAQLP

exports[`<Button /> should mount properly 1`] = `
<Button>
  <button
    className="button bg-primary color-secondary"
    type="button"
  >
    <span
      className="button__content"
    >
      Test
    </span>
  </button>
</Button>
`;
