// Jest Snapshot v1, https://goo.gl/fbAQLP

exports[`<SearchForm /> should mount properly 1`] = `
<AppProvider>
  <SearchForm>
    <Formik
      enableReinitialize={false}
      initialValues={
        Object {
          "zipCode": "",
        }
      }
      isInitialValid={false}
      onSubmit={[Function]}
      validate={[Function]}
      validateOnBlur={true}
      validateOnChange={true}
    >
      <form
        className="search-form bg-secondary color-primary"
        onSubmit={[Function]}
      >
        <h2
          className="search-form__title"
        >
          Consultar endere√ßo
        </h2>
        <div
          className="search-form__container"
        >
          <label
            htmlFor="zipCode"
          >
            CEP:
          </label>
          <span
            className="search-form__input-container"
          >
            <t
              autoComplete="off"
              className="search-form__input"
              guide={true}
              id="zipCode"
              mask={
                Array [
                  /\\\\d/,
                  /\\\\d/,
                  /\\\\d/,
                  /\\\\d/,
                  /\\\\d/,
                  "-",
                  /\\\\d/,
                  /\\\\d/,
                  /\\\\d/,
                ]
              }
              name="zipCode"
              onChange={[Function]}
              placeholder="_____-___"
              render={[Function]}
              type="tel"
              value=""
            >
              <input
                autoComplete="off"
                className="search-form__input"
                defaultValue=""
                id="zipCode"
                name="zipCode"
                onBlur={[Function]}
                onChange={[Function]}
                placeholder="_____-___"
                type="tel"
              />
            </t>
          </span>
          <Button
            big={true}
            className="search-form__button"
            disabled={false}
            type="submit"
          >
            <button
              className="button--big search-form__button button bg-primary color-secondary"
              disabled={false}
              type="submit"
            >
              <span
                className="button__content"
              >
                <Search>
                  <span
                    aria-label="Busca"
                    role="img"
                  >
                    <MdSearch>
                      <IconBase
                        attr={
                          Object {
                            "viewBox": "0 0 24 24",
                          }
                        }
                      >
                        <svg
                          fill="currentColor"
                          height="1em"
                          stroke="currentColor"
                          strokeWidth="0"
                          style={
                            Object {
                              "color": undefined,
                            }
                          }
                          viewBox="0 0 24 24"
                          width="1em"
                          xmlns="http://www.w3.org/2000/svg"
                        >
                          <path
                            d="M15.5 14h-.79l-.28-.27C15.41 12.59 16 11.11 16 9.5 16 5.91 13.09 3 9.5 3S3 5.91 3 9.5 5.91 16 9.5 16c1.61 0 3.09-.59 4.23-1.57l.27.28v.79l5 4.99L20.49 19l-4.99-5zm-6 0C7.01 14 5 11.99 5 9.5S7.01 5 9.5 5 14 7.01 14 9.5 11.99 14 9.5 14z"
                            key="0"
                          />
                        </svg>
                      </IconBase>
                    </MdSearch>
                  </span>
                </Search>
              </span>
            </button>
          </Button>
        </div>
      </form>
    </Formik>
    <CSSTransition
      classNames="address-info"
      in={false}
      timeout={300}
      unmountOnExit={true}
    >
      <Transition
        appear={false}
        enter={true}
        exit={true}
        in={false}
        mountOnEnter={false}
        onEnter={[Function]}
        onEntered={[Function]}
        onEntering={[Function]}
        onExit={[Function]}
        onExited={[Function]}
        onExiting={[Function]}
        timeout={300}
        unmountOnExit={true}
      />
    </CSSTransition>
  </SearchForm>
</AppProvider>
`;
